
> swipeshape@1.0.0 build
> next build

   Ôû▓ Next.js 15.3.3
   - Environments: .env.local, .env.production, .env

   Skipping validation of types
   Skipping linting
   Creating an optimized production build ...
   Disabled SWC as replacement for Babel because of custom Babel configuration ".babelrc" https://nextjs.org/docs/messages/swc-disabled
 Ô£ô Compiled successfully in 3.0s
   Collecting page data ...
Initializing Supabase client with URL: https://db.nwqq...
D├®tails de la configuration Supabase:
- URL: https://db.nwqqxrmobxtwzcnaveqi.supabase.co
- Cl├® (10 premiers caract├¿res): eyJhbGciOi...
Client Supabase initialis├®
Initializing Supabase client with URL: https://db.nwqq...
D├®tails de la configuration Supabase:
- URL: https://db.nwqqxrmobxtwzcnaveqi.supabase.co
- Cl├® (10 premiers caract├¿res): eyJhbGciOi...
Client Supabase initialis├®
Initializing Supabase client with URL: https://db.nwqq...
D├®tails de la configuration Supabase:
- URL: https://db.nwqqxrmobxtwzcnaveqi.supabase.co
- Cl├® (10 premiers caract├¿res): eyJhbGciOi...
Client Supabase initialis├®
Initializing Supabase client with URL: https://db.nwqq...
D├®tails de la configuration Supabase:
- URL: https://db.nwqqxrmobxtwzcnaveqi.supabase.co
- Cl├® (10 premiers caract├¿res): eyJhbGciOi...
Client Supabase initialis├®
Initializing Supabase client with URL: https://db.nwqq...
Initializing Supabase client with URL: https://db.nwqq...
D├®tails de la configuration Supabase:
- URL: https://db.nwqqxrmobxtwzcnaveqi.supabase.co
- Cl├® (10 premiers caract├¿res): eyJhbGciOi...
D├®tails de la configuration Supabase:
- URL: https://db.nwqqxrmobxtwzcnaveqi.supabase.co
- Cl├® (10 premiers caract├¿res): eyJhbGciOi...
Client Supabase initialis├®
Client Supabase initialis├®
Initializing Supabase client with URL: https://db.nwqq...
Initializing Supabase client with URL: https://db.nwqq...
D├®tails de la configuration Supabase:
D├®tails de la configuration Supabase:
- URL: https://db.nwqqxrmobxtwzcnaveqi.supabase.co
- URL: https://db.nwqqxrmobxtwzcnaveqi.supabase.co
- Cl├® (10 premiers caract├¿res): eyJhbGciOi...
Initializing Supabase client with URL: https://db.nwqq...
- Cl├® (10 premiers caract├¿res): eyJhbGciOi...
Initializing Supabase client with URL: https://db.nwqq...
D├®tails de la configuration Supabase:
D├®tails de la configuration Supabase:
- URL: https://db.nwqqxrmobxtwzcnaveqi.supabase.co
- URL: https://db.nwqqxrmobxtwzcnaveqi.supabase.co
- Cl├® (10 premiers caract├¿res): eyJhbGciOi...
- Cl├® (10 premiers caract├¿res): eyJhbGciOi...
Initializing Supabase client with URL: https://db.nwqq...
Client Supabase initialis├®
D├®tails de la configuration Supabase:
- URL: https://db.nwqqxrmobxtwzcnaveqi.supabase.co
- Cl├® (10 premiers caract├¿res): eyJhbGciOi...
Client Supabase initialis├®
Client Supabase initialis├®
Client Supabase initialis├®
Client Supabase initialis├®
Initializing Supabase client with URL: https://db.nwqq...
D├®tails de la configuration Supabase:
- URL: https://db.nwqqxrmobxtwzcnaveqi.supabase.co
- Cl├® (10 premiers caract├¿res): eyJhbGciOi...
Client Supabase initialis├®
Initializing Supabase client with URL: https://db.nwqq...
D├®tails de la configuration Supabase:
- URL: https://db.nwqqxrmobxtwzcnaveqi.supabase.co
- Cl├® (10 premiers caract├¿res): eyJhbGciOi...
Initializing Supabase client with URL: https://db.nwqq...
D├®tails de la configuration Supabase:
- URL: https://db.nwqqxrmobxtwzcnaveqi.supabase.co
- Cl├® (10 premiers caract├¿res): eyJhbGciOi...
Client Supabase initialis├®
Client Supabase initialis├®
Initializing Supabase client with URL: https://db.nwqq...
D├®tails de la configuration Supabase:
- URL: https://db.nwqqxrmobxtwzcnaveqi.supabase.co
- Cl├® (10 premiers caract├¿res): eyJhbGciOi...
Client Supabase initialis├®
npm : [ReferenceError: document is not defined]
Au caractère Ligne:1 : 1
+ npm run build > build-output.txt 2>&1
+ ~~~~~~~~~~~~~~~~~~~~~~~~~~~~~~~~~~~~~
    + CategoryInfo          : NotSpecified: ([ReferenceError...is not defined]:String) [], RemoteException
    + FullyQualifiedErrorId : NativeCommandError
 

> Build error occurred
[Error: Failed to collect page data for /AdminArticlesPage] {
  type: 'Error'
}
